// Jest Snapshot v1, https://goo.gl/fbAQLP

exports[`Avatar test 1`] = `
<div
  className="avatar avatar_small "
  style={
    Object {
      "backgroundImage": "url(/avatar.png)",
    }
  }
/>
`;
